// Jest Snapshot v1, https://goo.gl/fbAQLP

exports[`Renders correctly 1`] = `
<section
  className="section"
  id="skills"
>
  <div
    className="container"
  >
    <h3
      className="sectionHeader"
    >
      Technical Skills
    </h3>
    <p
      className="intro"
    >
      Below is a summary of the various languages, technology, and software I am able to utilize and my estimated proficiencly levels for each.
    </p>
    <div
      className="primarySkills"
    >
      <div
        className="skill"
      >
        <span
          className="skillName"
        >
          html
        </span>
        <div
          className="bar"
        >
          <div
            className="fill"
            style={
              {
                "width": "25%",
              }
            }
          >
            95
            %
          </div>
        </div>
      </div>
      <div
        className="skill"
      >
        <span
          className="skillName"
        >
          css
        </span>
        <div
          className="bar"
        >
          <div
            className="fill"
            style={
              {
                "width": "25%",
              }
            }
          >
            95
            %
          </div>
        </div>
      </div>
      <div
        className="skill"
      >
        <span
          className="skillName"
        >
          react
        </span>
        <div
          className="bar"
        >
          <div
            className="fill"
            style={
              {
                "width": "25%",
              }
            }
          >
            85
            %
          </div>
        </div>
      </div>
      <div
        className="skill"
      >
        <span
          className="skillName"
        >
          javascript
        </span>
        <div
          className="bar"
        >
          <div
            className="fill"
            style={
              {
                "width": "25%",
              }
            }
          >
            80
            %
          </div>
        </div>
      </div>
    </div>
    <div
      className="extras"
    >
      <div
        className="secondarySkills"
      >
        <h4
          className="header"
        >
          Secondary Skills
        </h4>
        <div
          className="skill"
        >
          <span
            className="skillName skillName--small"
          >
            sass
          </span>
          <div
            className="bar"
          >
            <div
              className="fill"
              style={
                {
                  "width": "25%",
                }
              }
            >
              80
              %
            </div>
          </div>
        </div>
        <div
          className="skill"
        >
          <span
            className="skillName skillName--small"
          >
            node/express
          </span>
          <div
            className="bar"
          >
            <div
              className="fill"
              style={
                {
                  "width": "25%",
                }
              }
            >
              70
              %
            </div>
          </div>
        </div>
        <div
          className="skill"
        >
          <span
            className="skillName skillName--small"
          >
            email development
          </span>
          <div
            className="bar"
          >
            <div
              className="fill"
              style={
                {
                  "width": "25%",
                }
              }
            >
              70
              %
            </div>
          </div>
        </div>
        <div
          className="skill"
        >
          <span
            className="skillName skillName--small"
          >
            graphql
          </span>
          <div
            className="bar"
          >
            <div
              className="fill"
              style={
                {
                  "width": "25%",
                }
              }
            >
              60
              %
            </div>
          </div>
        </div>
      </div>
      <div
        className="strengths"
      >
        <h4
          className="header"
        >
          Strengths
        </h4>
        <ul>
          <li>
            Writing efficient, modular, reusable code
          </li>
          <li>
            High productivity/bandwidth
          </li>
          <li>
            Attention to detail
          </li>
          <li>
            Adhering to industry/team standards
          </li>
          <li>
            Finding ways to optimize performance
          </li>
          <li>
            Avoiding/fixing cross-browser compatibility issues
          </li>
          <li>
            Staying up to date with industry trends
          </li>
          <li>
            Passionate about learning new things
          </li>
        </ul>
      </div>
    </div>
  </div>
</section>
`;
