// Jest Snapshot v1, https://goo.gl/fbAQLP

exports[`Renders correctly 1`] = `
<header
  className="hero"
>
  <div
    className="heroContent"
  >
    <div
      className="headers"
    >
      <h1
        className="header"
      >
        Jay Posten
      </h1>
      <h2
        className="subheader"
      >
        Software Engineer
      </h2>
    </div>
    <nav
      className="nav"
    >
      <a
        className="link"
        href="#about"
      >
        About
      </a>
      <a
        className="link"
        href="#experience"
      >
        Experience
      </a>
      <a
        className="link"
        href="#skills"
      >
        Skills
      </a>
      <a
        className="link"
        href="#projects"
      >
        Projects
      </a>
    </nav>
  </div>
</header>
`;
