// Jest Snapshot v1, https://goo.gl/fbAQLP

exports[`Renders correctly 1`] = `
<nav
  className="nav"
>
  <a
    className="link"
    href="#about"
  >
    About
  </a>
  <a
    className="link"
    href="#experience"
  >
    Experience
  </a>
  <a
    className="link"
    href="#skills"
  >
    Skills
  </a>
  <a
    className="link"
    href="#projects"
  >
    Projects
  </a>
</nav>
`;
