// Jest Snapshot v1, https://goo.gl/fbAQLP

exports[`Renders correctly 1`] = `
<picture>
  <source
    media="(max-width: 519px)"
    srcSet="img/job_saatva_m.webp"
    type="image/webp"
  />
  <source
    media="(max-width: 519px)"
    srcSet="img/job_saatva_m.jpg"
    type="image/jpeg"
  />
  <source
    media="(max-width: 739px)"
    srcSet="img/job_saatva_t.webp"
    type="image/webp"
  />
  <source
    media="(max-width: 739px)"
    srcSet="img/job_saatva_t.jpg"
    type="image/jpeg"
  />
  <source
    srcSet="img/job_saatva.webp"
    type="image/webp"
  />
  <source
    srcSet="img/job_saatva.jpg"
    type="image/jpeg"
  />
  <img
    alt="Software Engineer II"
    className="mockClass"
    sizes="(max-width: 519px) 460px, (max-width: 739px) 100px, 125px"
    src="img/job_saatva.jpg"
    srcSet="img/job_saatva.jpg 460w, img/job_saatva.jpg 100w, 125w"
  />
</picture>
`;
