// Jest Snapshot v1, https://goo.gl/fbAQLP

exports[`Renders correctly 1`] = `
<div
  className="tile"
  data-testid="project-0"
>
  <picture>
    <source
      media="(max-width: 519px)"
      srcSet="img/project_gallery_m.webp"
      type="image/webp"
    />
    <source
      media="(max-width: 519px)"
      srcSet="img/project_gallery_m.jpg"
      type="image/jpeg"
    />
    <source
      media="(max-width: 739px)"
      srcSet="img/project_gallery_t.webp"
      type="image/webp"
    />
    <source
      media="(max-width: 739px)"
      srcSet="img/project_gallery_t.jpg"
      type="image/jpeg"
    />
    <source
      srcSet="img/project_gallery.webp"
      type="image/webp"
    />
    <source
      srcSet="img/project_gallery.jpg"
      type="image/jpeg"
    />
    <img
      alt="Flickr Image Gallery"
      className="image"
      loading="lazy"
      sizes="(max-width: 519px) 460px, (max-width: 739px) 210px, 348px"
      src="img/project_gallery.jpg"
      srcSet="img/project_gallery.jpg 460w, img/project_gallery.jpg 210w, 348w"
    />
  </picture>
  <h4
    className="title"
  >
    Flickr Image Gallery
  </h4>
  <a
    aria-label="Flickr Image Gallery"
    className="link"
    href="https://www.jayposten.com/gallery"
    rel="noreferrer noopener nofollow"
    target="_blank"
  />
</div>
`;
